C:/Users/nguye/STM32CubeIDE/workspace_1.17.0/SMARTOFFICE/Drivers/CMSIS/Include/core_cm3.h:1511:22:__NVIC_EnableIRQ	16	static
C:/Users/nguye/STM32CubeIDE/workspace_1.17.0/SMARTOFFICE/Drivers/CMSIS/Include/core_cm3.h:1639:22:__NVIC_SetPriority	16	static
../tools/Src/timer_base.c:7:6:Timer_Init	8	static
../tools/Src/timer_base.c:33:6:IncTick	4	static
../tools/Src/timer_base.c:38:10:GetTick	4	static
../tools/Src/timer_base.c:43:6:Delay_ms	24	static
../tools/Src/timer_base.c:49:6:Delay_us	24	static
../tools/Src/timer_base.c:65:6:TIM2_IRQHandler	8	static
