../Sevice/Src/Com/uart.c:18:6:USART1_Init	16	static
../Sevice/Src/Com/uart.c:36:6:USART1_Send_Char	16	static
../Sevice/Src/Com/uart.c:44:6:USART1_Send_String	16	static
../Sevice/Src/Com/uart.c:55:6:USART1_Send_Data	16	static
../Sevice/Src/Com/uart.c:66:6:USART1_Send_Number	24	static
../Sevice/Src/Com/uart.c:76:6:USART1_Send_Float	32	static
../Sevice/Src/Com/uart.c:86:6:USART1_Send_Hex	24	static
../Sevice/Src/Com/uart.c:97:6:USART1_IRQHandler	8	static
../Sevice/Src/Com/uart.c:102:15:DUNGX_UART_Receive_IT	24	static
../Sevice/Src/Com/uart.c:134:15:DUNGX_UART_Transmit_IT	24	static
